jongo@raspberrypi:~/Arduino $ arduino-cli core install arduino:avr
Downloading packages...
arduino:avr-gcc@7.3.0-atmel3.6.1-arduino7 downloaded
arduino:avrdude@6.3.0-arduino17 downloaded
arduino:arduinoOTA@1.3.0 downloaded
arduino:avr@1.8.6 downloaded
Installing arduino:avr-gcc@7.3.0-atmel3.6.1-arduino7...
Configuring tool....
arduino:avr-gcc@7.3.0-atmel3.6.1-arduino7 installed
Installing arduino:avrdude@6.3.0-arduino17...
Configuring tool....
arduino:avrdude@6.3.0-arduino17 installed
Installing arduino:arduinoOTA@1.3.0...
Configuring tool....
arduino:arduinoOTA@1.3.0 installed
Installing platform arduino:avr@1.8.6...
Configuring platform....
Platform arduino:avr@1.8.6 installed
jongo@raspberrypi:~/Arduino $ arduino-cli board listall avr
Board Name                       FQBN
Adafruit Circuit Playground      arduino:avr:circuitplay32u4cat
Arduino BT                       arduino:avr:bt
Arduino Duemilanove or Diecimila arduino:avr:diecimila
Arduino Esplora                  arduino:avr:esplora
Arduino Ethernet                 arduino:avr:ethernet
Arduino Fio                      arduino:avr:fio
Arduino Gemma                    arduino:avr:gemma
Arduino Industrial 101           arduino:avr:chiwawa
Arduino Leonardo                 arduino:avr:leonardo
Arduino Leonardo ETH             arduino:avr:leonardoeth
Arduino Mega ADK                 arduino:avr:megaADK
Arduino Mega or Mega 2560        arduino:avr:mega
Arduino Micro                    arduino:avr:micro
Arduino Mini                     arduino:avr:mini
Arduino NG or older              arduino:avr:atmegang
Arduino Nano                     arduino:avr:nano
Arduino Pro or Pro Mini          arduino:avr:pro
Arduino Robot Control            arduino:avr:robotControl
Arduino Robot Motor              arduino:avr:robotMotor
Arduino Uno                      arduino:avr:uno
Arduino Uno Mini                 arduino:avr:unomini
Arduino Uno WiFi                 arduino:avr:unowifi
Arduino Yún                      arduino:avr:yun
Arduino Yún Mini                 arduino:avr:yunmini
LilyPad Arduino                  arduino:avr:lilypad
LilyPad Arduino USB              arduino:avr:LilyPadUSB
Linino One                       arduino:avr:one

jongo@raspberrypi:~/Arduino $ arduino-cli board list
Port         Protocol Type              Board Name                  FQBN                                Core
/dev/ttyACM0 serial   Serial Port (USB) Arduino Nano RP2040 Connect arduino:mbed_nano:nanorp2040connect arduino:mbed_nano
/dev/ttyS0   serial   Serial Port       Unknown                                      
/dev/ttyUSB0 serial   Serial Port (USB) Unknown                                      
/dev/ttyUSB1 serial   Serial Port (USB) Unknown                                      

jongo@raspberrypi:~/Arduino $ sudo arduino-cli core install arduino:avr:uno
sudo: arduino-cli: command not found
jongo@raspberrypi:~/Arduino $ sudo arduino-cli core install arduino:avr:mega
sudo: arduino-cli: command not found
jongo@raspberrypi:~/Arduino $
